src/modules/auth/auth.service.ts(104,61): error TS2345: Argument of type 'string' is not assignable to parameter of type 'UserRole'.
src/modules/auth/auth.service.ts(146,61): error TS2345: Argument of type 'string' is not assignable to parameter of type 'UserRole'.
src/modules/auth/auth.service.ts(180,61): error TS2345: Argument of type 'string' is not assignable to parameter of type 'UserRole'.
src/modules/doctors/doctors.controller.ts(88,43): error TS2339: Property 'updatePayoutSettings' does not exist on type 'DoctorsService'.
src/modules/payouts/payout.controller.ts(1,10): error TS6133: 'Request' is declared but its value is never read.
